
================================================================================

  (Run Starting)

  ┌────────────────────────────────────────────────────────────────────────────────────────────────┐
  │ Cypress:        16.0.0                                                                         │
  │ Browser:        Chrome 153 (headless)                                                          │
  │ Node Version:   v22.23.2 (/Users/mericda/.local/share/fnm/node-versions/v22.23.2/installation/ │
  │                 bin/node)                                                                      │
  │ Specs:          1 found (see-a-round.cy.js)                                                    │
  │ Searched:       cypress/e2e/**/*.cy.js                                                         │
  └────────────────────────────────────────────────────────────────────────────────────────────────┘


────────────────────────────────────────────────────────────────────────────────────────────────────
                                                                                                    
  Running:  see-a-round.cy.js                                                               (1 of 1)

  (Results)

  ┌────────────────────────────────────────────────────────────────────────────────────────────────┐
  │ Tests:        2                                                                                │
  │ Passing:      2                                                                                │
  │ Failing:      0                                                                                │
  │ Pending:      0                                                                                │
  │ Skipped:      0                                                                                │
  │ Screenshots:  0                                                                                │
  │ Video:        false                                                                            │
  │ Duration:     6 seconds                                                                        │
  │ Spec Ran:     see-a-round.cy.js                                                                │
  └────────────────────────────────────────────────────────────────────────────────────────────────┘


================================================================================

  (Run Finished)


       Spec                                              Tests  Passing  Failing  Pending  Skipped  
  ┌────────────────────────────────────────────────────────────────────────────────────────────────┐
  │ ✔  see-a-round.cy.js                        00:06        2        2        -        -        - │
  └────────────────────────────────────────────────────────────────────────────────────────────────┘
    ✔  All specs passed!                        00:06        2        2        -        -        -  

