{
  "A starts": 15,
  "B starts": 15,
  "A first hit after the click ms": 253.4,
  "B first hit after the click ms": 249.3,
  "B behind A, first hit ms": -4.2,
  "B grid shift vs A, modulo a step ms": -7.4,
  "B grid shift vs A, modulo a bar ms": -7.4,
  "bar 0 on the wall clock, B minus A ms": -7.2,
  "B started after the click ms": 247.3,
  "B button label while A played": "Stop",
  "B after A stopped": {
    "on": false,
    "label": "Play"
  },
  "engines before": {
    "a": {
      "name": "v2",
      "on": false,
      "clock": {
        "offsetMs": 275.5,
        "samples": [
          {
            "t0": 1789317212120,
            "t1": 1789317212222,
            "serverMs": 1789317212453
          },
          {
            "t0": 1789317212223,
            "t1": 1789317212316,
            "serverMs": 1789317212545
          },
          {
            "t0": 1789317212317,
            "t1": 1789317212411,
            "serverMs": 1789317212638
          }
        ]
      },
      "origin": 0,
      "now": 18.128,
      "wall": 1789317226583
    },
    "b": {
      "name": "v2",
      "on": false,
      "clock": {
        "offsetMs": 282.5,
        "samples": [
          {
            "t0": 1789317220600,
            "t1": 1789317220665,
            "serverMs": 1789317220915
          },
          {
            "t0": 1789317220666,
            "t1": 1789317220719,
            "serverMs": 1789317220983
          },
          {
            "t0": 1789317220720,
            "t1": 1789317220803,
            "serverMs": 1789317221039
          }
        ]
      },
      "origin": 0,
      "now": 8.885333333333334,
      "wall": 1789317226584
    }
  },
  "engines after": {
    "a": {
      "name": "v2",
      "on": true,
      "clock": {
        "offsetMs": 275.5,
        "samples": [
          {
            "t0": 1789317212120,
            "t1": 1789317212222,
            "serverMs": 1789317212453
          },
          {
            "t0": 1789317212223,
            "t1": 1789317212316,
            "serverMs": 1789317212545
          },
          {
            "t0": 1789317212317,
            "t1": 1789317212411,
            "serverMs": 1789317212638
          }
        ]
      },
      "origin": 18.38266666666667,
      "now": 26.421333333333333,
      "wall": 1789317234878
    },
    "b": {
      "name": "v2",
      "on": true,
      "clock": {
        "offsetMs": 282.5,
        "samples": [
          {
            "t0": 1789317220600,
            "t1": 1789317220665,
            "serverMs": 1789317220915
          },
          {
            "t0": 1789317220666,
            "t1": 1789317220719,
            "serverMs": 1789317220983
          },
          {
            "t0": 1789317220720,
            "t1": 1789317220803,
            "serverMs": 1789317221039
          }
        ]
      },
      "origin": 9.131833333333335,
      "now": 17.17866666666667,
      "wall": 1789317234879
    }
  },
  "B console": [],
  "round": "http://127.0.0.1:3121/play/dd6fa382-7188-419b-ab76-0eca4a67883e"
}
